// Jest Snapshot v1, https://goo.gl/fbAQLP

exports[`d3 create method should render properly 1`] = `
<div
  className="sc-bdVaJa ceTkBM"
>
  <div
    id="earnings"
  />
</div>
`;
