// Jest Snapshot v1, https://goo.gl/fbAQLP

exports[`header component should render properly 1`] = `
<div
  className="sc-bwzfXH kMAjxQ"
>
  Earnings
</div>
`;
